
> telemedicine-module@0.1.0 start
> react-scripts start

(node:101486) [DEP_WEBPACK_DEV_SERVER_ON_AFTER_SETUP_MIDDLEWARE] DeprecationWarning: 'onAfterSetupMiddleware' option is deprecated. Please use the 'setupMiddlewares' option.
(Use `node --trace-deprecation ...` to show where the warning was created)
(node:101486) [DEP_WEBPACK_DEV_SERVER_ON_BEFORE_SETUP_MIDDLEWARE] DeprecationWarning: 'onBeforeSetupMiddleware' option is deprecated. Please use the 'setupMiddlewares' option.
Starting the development server...

Compiled with warnings.

[eslint]
src/pages/Booking.js
  Line 1:20:  'useEffect' is defined but never used      no-unused-vars
  Line 89:9:  'user' is assigned a value but never used  no-unused-vars

src/pages/Dashboard.js
  Line 111:6:  React Hook useEffect has missing dependencies: 'fetchBookings' and 'fetchPrakriti'. Either include them or remove the dependency array  react-hooks/exhaustive-deps

src/pages/Doctors.js
  Line 122:40:  React Hook useEffect has a missing dependency: 'fetchDoctors'. Either include it or remove the dependency array  react-hooks/exhaustive-deps

src/pages/YogaProgress.js
  Line 1:10:  'useState' is defined but never used  no-unused-vars

Search for the keywords to learn more about each warning.
To ignore, add // eslint-disable-next-line to the line before.

WARNING in [eslint]
src/pages/Booking.js
  Line 1:20:  'useEffect' is defined but never used      no-unused-vars
  Line 89:9:  'user' is assigned a value but never used  no-unused-vars

src/pages/Dashboard.js
  Line 111:6:  React Hook useEffect has missing dependencies: 'fetchBookings' and 'fetchPrakriti'. Either include them or remove the dependency array  react-hooks/exhaustive-deps

src/pages/Doctors.js
  Line 122:40:  React Hook useEffect has a missing dependency: 'fetchDoctors'. Either include it or remove the dependency array  react-hooks/exhaustive-deps

src/pages/YogaProgress.js
  Line 1:10:  'useState' is defined but never used  no-unused-vars

webpack compiled with 1 warning
